Traceback (most recent call last):
  File "/workspaces/PSD/.venv/lib/python3.12/site-packages/jupyter_cache/executors/utils.py", line 58, in single_nb_execution
    executenb(
  File "/workspaces/PSD/.venv/lib/python3.12/site-packages/nbclient/client.py", line 1305, in execute
    return NotebookClient(nb=nb, resources=resources, km=km, **kwargs).execute()
           ^^^^^^^^^^^^^^^^^^^^^^^^^^^^^^^^^^^^^^^^^^^^^^^^^^^^^^^^^^^^^^^^^^^^^
  File "/workspaces/PSD/.venv/lib/python3.12/site-packages/jupyter_core/utils/__init__.py", line 165, in wrapped
    return loop.run_until_complete(inner)
           ^^^^^^^^^^^^^^^^^^^^^^^^^^^^^^
  File "/home/codespace/.python/current/lib/python3.12/asyncio/base_events.py", line 684, in run_until_complete
    return future.result()
           ^^^^^^^^^^^^^^^
  File "/workspaces/PSD/.venv/lib/python3.12/site-packages/nbclient/client.py", line 705, in async_execute
    await self.async_execute_cell(
  File "/workspaces/PSD/.venv/lib/python3.12/site-packages/nbclient/client.py", line 1058, in async_execute_cell
    await self._check_raise_for_error(cell, cell_index, exec_reply)
  File "/workspaces/PSD/.venv/lib/python3.12/site-packages/nbclient/client.py", line 914, in _check_raise_for_error
    raise CellExecutionError.from_cell_and_msg(cell, exec_reply_content)
nbclient.exceptions.CellExecutionError: An error occurred while executing the following cell:
------------------
# ============================================================
# STREAMLIT APP: KNN Robot Surface Classifier (Dinamis)
# ============================================================

import streamlit as st
import numpy as np
import pandas as pd
import joblib
import matplotlib.pyplot as plt
import seaborn as sns
from sklearn.metrics import confusion_matrix, classification_report, accuracy_score

# ----------------------------
# 1️⃣ Page Config
# ----------------------------
st.set_page_config(
    page_title="Robot Surface Classifier",
    layout="wide"
)

# ----------------------------
# 2️⃣ Custom CSS untuk font & icon
# ----------------------------
st.markdown("""
<style>
@import url('https://cdnjs.cloudflare.com/ajax/libs/font-awesome/6.4.0/css/all.min.css');

h1 {
    font-family: 'Arial', sans-serif;
    font-size: 38px;
    text-align: center;
    color: #1F77B4;
}
h2 {
    font-family: 'Arial', sans-serif;
    font-size: 24px;
    text-align: center;
    color: #333333;
}
p {
    font-family: 'Arial', sans-serif;
    font-size: 16px;
    text-align: center;
    color: #555555;
}
</style>
""", unsafe_allow_html=True)

# ----------------------------
# 3️⃣ Title & Intro dengan icon FontAwesome
# ----------------------------
st.markdown("<h1><i class='fa fa-robot'></i> Robot Surface Classification (KNN)</h1>", unsafe_allow_html=True)
st.markdown("<p>Deteksi permukaan robot: Licin vs Kasar</p>", unsafe_allow_html=True)
st.markdown("<p style='text-align:center;'><span style='background-color:#E0F7FA; padding:5px 10px; border-radius:5px;'>Pipeline: StandardScaler → PCA → KNN (cosine, weights='distance')</span></p>", unsafe_allow_html=True)

st.markdown("---")
st.markdown("<h2>📁 Upload CSV File</h2>", unsafe_allow_html=True)
st.markdown("<p>File CSV harus memiliki <b>65 fitur getaran</b>. Kolom <b>label</b> opsional untuk evaluasi.</p>", unsafe_allow_html=True)

# ----------------------------
# 4️⃣ Upload CSV
# ----------------------------
uploaded_file = st.file_uploader("Upload CSV file here", type="csv")

if uploaded_file:
    data = pd.read_csv(uploaded_file)
    st.write("Preview data:")
    st.dataframe(data.head())

    # ----------------------------
    # Pisahkan fitur & label
    # ----------------------------
    if "label" in data.columns:
        X_raw = data.drop(columns=["label"]).values
        y_true = data["label"].values
    else:
        X_raw = data.values
        y_true = None

    # ----------------------------
    # Scaling & PCA
    # ----------------------------
    scaler = joblib.load("scaler_standard.pkl")
    X_scaled = scaler.transform(X_raw)

    pca = joblib.load("pca_model.pkl")
    X_pca = pca.transform(X_scaled)

    # ----------------------------
    # Load KNN model
    # ----------------------------
    knn_model = joblib.load("KNN_final_model.pkl")
    y_pred = knn_model.predict(X_pca)

    # ----------------------------
    # Mapping label ke nama permukaan (1 → Licin, 2 → Kasar)
    # ----------------------------
    label_mapping = {1: "Permukaan Licin", 2: "Permukaan Kasar"}

    y_pred_int = [int(i) if int(i) in label_mapping else 1 for i in y_pred]
    y_pred_labels = [label_mapping[i] for i in y_pred_int]

    if y_true is not None:
        y_true_int = [int(i) if int(i) in label_mapping else 1 for i in y_true]
        y_true_labels = [label_mapping[i] for i in y_true_int]

    # ----------------------------
    # Tampilkan mapping label
    # ----------------------------
    st.markdown("### 🔹 Label Mapping")
    st.markdown(
        f"- **1 → {label_mapping[1]}**  \n"
        f"- **2 → {label_mapping[2]}**"
    )

    # ----------------------------
    # Slider untuk pilih jumlah baris
    # ----------------------------
    num_rows = st.slider(
        "Pilih jumlah baris data yang ingin ditampilkan:",
        min_value=1,
        max_value=X_raw.shape[0],
        value=min(10, X_raw.shape[0])
    )

    # ----------------------------
    # Subset data sesuai jumlah baris
    # ----------------------------
    X_subset = X_raw[:num_rows, :]
    y_pred_subset = y_pred_labels[:num_rows]
    y_true_subset = y_true_labels[:num_rows] if y_true is not None else None

    # ----------------------------
    # Tabel prediksi
    # ----------------------------
    st.subheader(f"Tabel Prediksi Permukaan ({num_rows} baris)")

    feature_columns = [f"V{i+1}" for i in range(X_raw.shape[1])]
    df_display = pd.DataFrame(X_subset, columns=feature_columns)
    df_display["Predicted Surface"] = y_pred_subset
    if y_true_subset is not None:
        df_display["Label"] = y_true_subset

    def highlight_surface(val):
        if val == "Permukaan Licin":
            return 'background-color: lightgreen'
        elif val == "Permukaan Kasar":
            return 'background-color: lightcoral'
        else:
            return ''

    st.dataframe(df_display.style.applymap(lambda v: highlight_surface(v), subset=["Predicted Surface"]))

    # ----------------------------
    # Distribusi prediksi untuk subset
    # ----------------------------
    st.subheader("Distribusi Prediksi Permukaan (Subset Data)")
    pred_count = pd.Series(y_pred_subset).value_counts()
    col1, col2 = st.columns(2)
    with col1:
        st.bar_chart(pred_count)
    with col2:
        fig, ax = plt.subplots()
        ax.pie(pred_count, labels=pred_count.index, autopct='%1.1f%%', colors=['lightgreen','lightcoral'])
        ax.set_title("Distribusi Prediksi Permukaan")
        st.pyplot(fig)

    # ----------------------------
    # Confusion matrix & metrics (opsional)
    # ----------------------------
    if y_true is not None:
        st.subheader("Evaluasi Model (Subset Data dengan label asli)")
        cm = confusion_matrix(y_true_subset, y_pred_subset)
        st.write("Confusion Matrix:")
        st.dataframe(cm)

        fig, ax = plt.subplots(figsize=(5,4))
        sns.heatmap(cm, annot=True, fmt='d', cmap='Blues',
                    xticklabels=label_mapping.values(),
                    yticklabels=label_mapping.values())
        plt.xlabel("Predicted Label")
        plt.ylabel("Actual Label")
        plt.title("Confusion Matrix Heatmap")
        st.pyplot(fig)

        accuracy = accuracy_score(y_true_subset, y_pred_subset)
        st.write(f"Accuracy: {accuracy*100:.2f}%")

        cr = classification_report(y_true_subset, y_pred_subset)
        st.text("Classification Report:\n" + cr)

# Footer
st.markdown("---")
st.markdown("<p style='text-align:center;'>App menggunakan model <b>KNN</b> dengan preprocessing <b>StandardScaler → PCA → KNN</b>.</p>", unsafe_allow_html=True)

------------------


[31m---------------------------------------------------------------------------[39m
[31mModuleNotFoundError[39m                       Traceback (most recent call last)
[36mCell[39m[36m [39m[32mIn[38][39m[32m, line 5[39m
[32m      1[39m [38;5;66;03m# ============================================================[39;00m
[32m      2[39m [38;5;66;03m# STREAMLIT APP: KNN Robot Surface Classifier (Dinamis)[39;00m
[32m      3[39m [38;5;66;03m# ============================================================[39;00m
[32m----> [39m[32m5[39m [38;5;28;01mimport[39;00m[38;5;250m [39m[34;01mstreamlit[39;00m[38;5;250m [39m[38;5;28;01mas[39;00m[38;5;250m [39m[34;01mst[39;00m
[32m      6[39m [38;5;28;01mimport[39;00m[38;5;250m [39m[34;01mnumpy[39;00m[38;5;250m [39m[38;5;28;01mas[39;00m[38;5;250m [39m[34;01mnp[39;00m
[32m      7[39m [38;5;28;01mimport[39;00m[38;5;250m [39m[34;01mpandas[39;00m[38;5;250m [39m[38;5;28;01mas[39;00m[38;5;250m [39m[34;01mpd[39;00m

[31mModuleNotFoundError[39m: No module named 'streamlit'

